diff-coverage: membership sampling budget K=32 (mode: gate; alternate plain/-race, early stop at members=)
building Lean executable...
Build completed successfully (62 jobs).
native frontend: per-case type-check + emit (no batch export)
membership: race/atomics-free/rmw-acquire has NO members= pin — no early stop; drawing the full budget K=32
membership: race/atomics-free/publish-acquire has NO members= pin — no early stop; drawing the full budget K=32
FAIL	multipkg/unexported-method-scope/distinct	multipackage,imports,identity,interfaces,type_assertions,comma_ok,multi_result	stage=frontend-export	detail=native frontend: nativefrontend: native frontend unsupported: unexported interface method name(s) shared across packages: get (required by blue/inner, implemented in red/inner); get (required by red/inner, implemented in blue/inner) — an unexported method name is package-scoped (spec#Type_identity) but the wire's method tables carry bare names, so satisfaction could answer wrong; refused (BUG-098, docs/2026-09-05_fr19-bug097-design.md §2.5)\nfor the full blocker picture run scripts/lower-diagnose Corpus/coverage/exec/multipkg/unexported-method-scope\nexit status 1
FAIL	multipkg/unexported-method-scope/assert-panic	multipackage,imports,identity,interfaces,type_assertions,panic	stage=frontend-export	detail=native frontend: nativefrontend: native frontend unsupported: unexported interface method name(s) shared across packages: get (required by blue/inner, implemented in red/inner); get (required by red/inner, implemented in blue/inner) — an unexported method name is package-scoped (spec#Type_identity) but the wire's method tables carry bare names, so satisfaction could answer wrong; refused (BUG-098, docs/2026-09-05_fr19-bug097-design.md §2.5)\nfor the full blocker picture run scripts/lower-diagnose Corpus/coverage/exec/multipkg/unexported-method-scope\nexit status 1
PASS	race/atomics-misuse/plain-read-vs-failed-cas	sync,atomics,ints,goroutines,channels,closures,race	stage=racy	detail=every enumerated path refuses: coverage-observations: observations=1 steps=153 probes=21 sites=7 leaves=8 maxdepth=4 width=4
PASS	race/atomics-misuse/plain-read-vs-store	sync,atomics,ints,goroutines,channels,closures,race	stage=racy	detail=every enumerated path refuses: coverage-observations: observations=1 steps=138 probes=21 sites=7 leaves=8 maxdepth=4 width=4
PASS	race/atomics-misuse/struct-copy-vs-typed-add	sync,atomics,ints,goroutines,channels,methods,structs,closures,race	stage=racy	detail=every enumerated path refuses: coverage-observations: observations=1 steps=259 probes=21 sites=7 leaves=8 maxdepth=4 width=4
PASS	race/atomics-misuse/plain-write-vs-add	sync,atomics,ints,goroutines,channels,closures,race	stage=racy	detail=every enumerated path refuses: coverage-observations: observations=1 steps=134 probes=21 sites=7 leaves=8 maxdepth=4 width=4
PASS	race/atomics-misuse/plain-read-vs-swap	sync,atomics,ints,goroutines,channels,closures,race	stage=racy	detail=every enumerated path refuses: coverage-observations: observations=1 steps=147 probes=21 sites=7 leaves=8 maxdepth=4 width=4
PASS	multipkg/same-name-anon-iface-panic/missing	multipackage,imports,identity,interfaces,type_assertions,panic
PASS	multipkg/same-name-anon-iface-panic/source	multipackage,imports,identity,interfaces,type_assertions,panic
PASS	race/atomics-free/typed-sibling-field	sync,atomics,ints,goroutines,waitgroup,methods,structs,closures,race	stage=confluent	detail=|set|=1 certified over all schedules; coverage-observations: observations=1 steps=5769 probes=360 sites=120 leaves=121 maxdepth=12 width=4
PASS	race/atomics-free/sibling-words	sync,atomics,ints,goroutines,waitgroup,closures,race	stage=confluent	detail=|set|=1 certified over all schedules; coverage-observations: observations=1 steps=2988 probes=360 sites=120 leaves=121 maxdepth=12 width=4
PASS	race/atomics-free/plain-read-vs-load	sync,atomics,ints,goroutines,channels,closures,race	stage=confluent	detail=|set|=1 certified over all schedules; coverage-observations: observations=1 steps=1168 probes=207 sites=69 leaves=70 maxdepth=9 width=4
PASS	atomics/counter/add	sync,atomics,ints,goroutines,waitgroup	stage=confluent	detail=|set|=1 certified over all schedules; coverage-observations: observations=1 steps=3378 probes=0 sites=2761 leaves=0 maxdepth=0 width=4 engine=dedup nodes=2761 edges=3378 dedupHits=618 certified=checkCert
PASS	atomics/counter/plain-read-after-join	sync,atomics,ints,goroutines,waitgroup,race	stage=confluent	detail=|set|=1 certified over all schedules; coverage-observations: observations=1 steps=2642 probes=0 sites=2121 leaves=0 maxdepth=0 width=4 engine=dedup nodes=2121 edges=2642 dedupHits=522 certified=checkCert
PASS	race/atomics-free/cas-failure-acquires	sync,atomics,ints,goroutines,channels,loops,closures,race,nondet	stage=membership	detail=enumerated=1 exhibited=1 draws=2 (floor; K=32; stopped at the members=1 pin after the two-draw floor — one plain + one -race) unexhibited=0 (members in artifacts/coverage/membership/race/atomics-free/cas-failure-acquires)
PASS	race/atomics-free/atomic-vs-atomic	sync,atomics,ints,goroutines,channels,race	stage=confluent	detail=|set|=1 certified over all schedules; coverage-observations: observations=1 steps=12858 probes=0 sites=10411 leaves=0 maxdepth=0 width=4 engine=dedup nodes=10411 edges=12858 dedupHits=2448 certified=checkCert
PASS	atomics/counter/typed	sync,atomics,ints,goroutines,waitgroup,methods,closures	stage=confluent	detail=|set|=1 certified over all schedules; coverage-observations: observations=1 steps=17366 probes=0 sites=15747 leaves=0 maxdepth=0 width=4 engine=dedup nodes=15747 edges=17366 dedupHits=1620 certified=checkCert
PASS	atomics/counter/swap-claim	sync,atomics,ints,goroutines,waitgroup,closures	stage=confluent	detail=|set|=1 certified over all schedules; coverage-observations: observations=1 steps=17887 probes=0 sites=15268 leaves=0 maxdepth=0 width=4 engine=dedup nodes=15268 edges=17887 dedupHits=2620 certified=checkCert
PASS	atomics/counter/cas-loop	sync,atomics,ints,goroutines,waitgroup,loops,closures	stage=confluent	detail=|set|=1 certified over all schedules; coverage-observations: observations=1 steps=20601 probes=0 sites=17535 leaves=0 maxdepth=0 width=4 engine=dedup nodes=17535 edges=20601 dedupHits=3067 certified=checkCert
PASS	multipkg/nil-value-method-text	multipackage,imports,interfaces,methods,nil,pointers,calls,panic,nondet	stage=membership	detail=enumerated=2 exhibited=1 draws=32 (K=32; pin members=2 NOT reached — 1 distinct drawn) unexhibited=1 (members in artifacts/coverage/membership/multipkg/nil-value-method-text)
PASS	race/atomics-free/publish-acquire	sync,atomics,ints,goroutines,closures,race,nondet	stage=membership	detail=enumerated=2 exhibited=1 draws=32 (K=32; no members= pin — no early stop) unexhibited=1 (members in artifacts/coverage/membership/race/atomics-free/publish-acquire)
PASS	race/atomics-free/rmw-acquire	sync,atomics,ints,goroutines,closures,race,nondet	stage=membership	detail=enumerated=2 exhibited=2 draws=32 (K=32; no members= pin — no early stop) unexhibited=0 (members in artifacts/coverage/membership/race/atomics-free/rmw-acquire)

differential coverage summary: cases=22 pass=20 fail=2 export_status=0
results: artifacts/coverage/latest.tsv
metadata: artifacts/coverage/latest.meta.tsv
