diff-coverage: membership sampling budget K=32 (mode: gate; alternate plain/-race, early stop at members=)
building Lean executable...
Build completed successfully (62 jobs).
native frontend: per-case type-check + emit (no batch export)
FAIL	builtins/print/refused/pointer	builtins,print,pointers	stage=frontend-export	detail={"message":"frontend-quarantined: builtin println operand 1 of type *int prints an address in gc (runtime/print.go printpointer/printslice/printeface/printiface) — the machine has no addresses; refused by name, permanently (stdlib slice 3; ledger §5.1 item 3)","output":"","schema":"golean-observation-v1","status":"unsupported"}
FAIL	builtins/print/refused/interface	builtins,print,interfaces	stage=frontend-export	detail={"message":"frontend-quarantined: builtin println operand 1 of type any prints an address in gc (runtime/print.go printpointer/printslice/printeface/printiface) — the machine has no addresses; refused by name, permanently (stdlib slice 3; ledger §5.1 item 3)","output":"","schema":"golean-observation-v1","status":"unsupported"}
FAIL	builtins/print/refused/float	builtins,print,floats	stage=frontend-export	detail={"message":"frontend-quarantined: builtin println operand 1 of type float64: floats and complex print through internal/strconv.AppendFloat ('g', -1, shortest round-trip) — not modeled this slice (stdlib slice 3; FR-29)","output":"","schema":"golean-observation-v1","status":"unsupported"}
FAIL	builtins/print/refused/slice	builtins,print,slices	stage=frontend-export	detail={"message":"frontend-quarantined: builtin println operand 1 of type []int prints an address in gc (runtime/print.go printpointer/printslice/printeface/printiface) — the machine has no addresses; refused by name, permanently (stdlib slice 3; ledger §5.1 item 3)","output":"","schema":"golean-observation-v1","status":"unsupported"}
FAIL	builtins/float-bits/nan-arith-payload-refused/canonical-roundtrip	builtins,float_bits,floats	stage=lean-observation	detail=expected status ok, got {"message":"math.Float64bits of the machine's default NaN (0x7FF8000000000000 or its negation): the payload of a machine-PRODUCED NaN is latitude the machine narrows (inventory R7) and gc/amd64 realizes differently — refused rather than reported (rows builtins/float-bits/canonical-nan-refused and neg-canonical-refused)","output":"","schema":"golean-observation-v1","status":"unsupported"}
FAIL	builtins/print/refused/zero-operands	builtins,print,builtins	stage=frontend-export	detail={"message":"frontend-quarantined: builtin println with zero operands (no machine shape this slice — the wide-statement mold has no nullary plan; FR-29)","output":"","schema":"golean-observation-v1","status":"unsupported"}
FAIL	builtins/float-bits/roundtrip-payloads	builtins,float_bits,floats,print,multi_result	stage=lean-observation	detail=expected status ok, got {"message":"math.Float64bits of the machine's default NaN (0x7FF8000000000000 or its negation): the payload of a machine-PRODUCED NaN is latitude the machine narrows (inventory R7) and gc/amd64 realizes differently — refused rather than reported (rows builtins/float-bits/canonical-nan-refused and neg-canonical-refused)","output":"9221120237041090561\n9218868437227405313\n","schema":"golean-observation-v1","status":"unsupported"}
FAIL	builtins/print/refused/chan	builtins,print,channels	stage=frontend-export	detail={"message":"frontend-quarantined: builtin println operand 1 of type chan int prints an address in gc (runtime/print.go printpointer/printslice/printeface/printiface) — the machine has no addresses; refused by name, permanently (stdlib slice 3; ledger §5.1 item 3)","output":"","schema":"golean-observation-v1","status":"unsupported"}
FAIL	builtins/print/refused/func	builtins,print,functions	stage=frontend-export	detail={"message":"frontend-quarantined: builtin println operand 1 of type func() prints an address in gc (runtime/print.go printpointer/printslice/printeface/printiface) — the machine has no addresses; refused by name, permanently (stdlib slice 3; ledger §5.1 item 3)","output":"","schema":"golean-observation-v1","status":"unsupported"}
FAIL	builtins/print/refused/nil-pointer	builtins,print,pointers,nil	stage=frontend-export	detail={"message":"frontend-quarantined: builtin println operand 1 of type *int prints an address in gc (runtime/print.go printpointer/printslice/printeface/printiface) — the machine has no addresses; refused by name, permanently (stdlib slice 3; ledger §5.1 item 3)","output":"","schema":"golean-observation-v1","status":"unsupported"}
FAIL	builtins/print/refused/map	builtins,print,maps	stage=frontend-export	detail={"message":"frontend-quarantined: builtin println operand 1 of type map[int]int prints an address in gc (runtime/print.go printpointer/printslice/printeface/printiface) — the machine has no addresses; refused by name, permanently (stdlib slice 3; ledger §5.1 item 3)","output":"","schema":"golean-observation-v1","status":"unsupported"}
FAIL	builtins/print/refused/float32	builtins,print,floats	stage=frontend-export	detail={"message":"frontend-quarantined: builtin print operand 1 of type float32: floats and complex print through internal/strconv.AppendFloat ('g', -1, shortest round-trip) — not modeled this slice (stdlib slice 3; FR-29)","output":"","schema":"golean-observation-v1","status":"unsupported"}
FAIL	builtins/float-bits/nan-arith-payload-refused	builtins,float_bits,floats	stage=lean-observation	detail=expected status ok, got {"message":"math.Float64bits of the machine's default NaN (0x7FF8000000000000 or its negation): the payload of a machine-PRODUCED NaN is latitude the machine narrows (inventory R7) and gc/amd64 realizes differently — refused rather than reported (rows builtins/float-bits/canonical-nan-refused and neg-canonical-refused)","output":"","schema":"golean-observation-v1","status":"unsupported"}
FAIL	builtins/float-bits/canonical-nan-refused	builtins,float_bits,floats,division	stage=lean-observation	detail=expected status ok, got {"message":"math.Float64bits of the machine's default NaN (0x7FF8000000000000 or its negation): the payload of a machine-PRODUCED NaN is latitude the machine narrows (inventory R7) and gc/amd64 realizes differently — refused rather than reported (rows builtins/float-bits/canonical-nan-refused and neg-canonical-refused)","output":"","schema":"golean-observation-v1","status":"unsupported"}
FAIL	builtins/print/refused/unsafe-pointer	builtins,print,unsafe,pointers	stage=frontend-export	detail={"message":"frontend-quarantined: basic type unsafe.Pointer","output":"","schema":"golean-observation-v1","status":"unsupported"}
FAIL	builtins/float-bits/neg-canonical-refused/float32	builtins,float_bits,floats,division	stage=lean-observation	detail=expected status ok, got {"message":"math.Float32bits of the machine's default NaN (0x7FC00000 or its negation): the payload of a machine-PRODUCED NaN is latitude the machine narrows (inventory R7) and gc/amd64 realizes differently — refused rather than reported (rows builtins/float-bits/canonical-nan-refused and neg-canonical-refused)","output":"","schema":"golean-observation-v1","status":"unsupported"}
FAIL	builtins/float-bits/min-max-canonical-refused	builtins,float_bits,floats,min,division	stage=lean-observation	detail=expected status ok, got {"message":"math.Float64bits of the machine's default NaN (0x7FF8000000000000 or its negation): the payload of a machine-PRODUCED NaN is latitude the machine narrows (inventory R7) and gc/amd64 realizes differently — refused rather than reported (rows builtins/float-bits/canonical-nan-refused and neg-canonical-refused)","output":"","schema":"golean-observation-v1","status":"unsupported"}
FAIL	builtins/float-bits/neg-canonical-refused	builtins,float_bits,floats,division	stage=lean-observation	detail=expected status ok, got {"message":"math.Float64bits of the machine's default NaN (0x7FF8000000000000 or its negation): the payload of a machine-PRODUCED NaN is latitude the machine narrows (inventory R7) and gc/amd64 realizes differently — refused rather than reported (rows builtins/float-bits/canonical-nan-refused and neg-canonical-refused)","output":"","schema":"golean-observation-v1","status":"unsupported"}
PASS	spec-examples-stmt/min-max-float-specials/infinities	min,max,builtins,floats,division
PASS	spec-examples-stmt/min-max-float-specials/signed-zero	min,max,builtins,floats,division,comparisons
PASS	builtins/float-bits/frombits-arith	builtins,float_bits,floats,conversions,multi_result
PASS	builtins/float-bits/nan-semantics	builtins,float_bits,floats,comparisons,multi_result
PASS	spec-examples-stmt/min-max-strings/pairs	min,max,builtins,strings,comparisons
PASS	spec-examples-stmt/min-max-float-specials/nan	min,max,builtins,floats,division,comparisons
PASS	spec-examples-stmt/min-max-strings/assoc	min,max,builtins,strings,comparisons
PASS	builtins/float-bits/float32	builtins,float_bits,floats,multi_result
PASS	builtins/float-bits/literals-and-zero	builtins,float_bits,floats,constants,multi_result
PASS	builtins/float-bits/widening	builtins,float_bits,floats,conversions,multi_result
PASS	builtins/float-bits/min-max-payload	builtins,float_bits,floats,min,max,multi_result
PASS	builtins/float-bits/min-max-payload/float32	builtins,float_bits,floats,min,max,multi_result
FAIL	builtins/print/refused/race-with-output	builtins,print,race,goroutines	stage=go-observation	detail=the oracle's stderr could not be split into program output + abort report (harness exit 3): stderr split: 7 byte(s) of program output before the TSan report — race rows with program output are not comparable (the report interleaves asynchronously with the program's prints), refused

differential coverage summary: cases=31 pass=12 fail=19 export_status=0
results: artifacts/coverage/latest.tsv
metadata: artifacts/coverage/latest.meta.tsv
