initSteps=1382
subjSteps=711616
verdict=#[GoLean.GoValue.int 0 (GoLean.GoCore.IntKind.int), GoLean.GoValue.int 1 (GoLean.GoCore.IntKind.int),
  GoLean.GoValue.int 6 (GoLean.GoCore.IntKind.int), GoLean.GoValue.int 1 (GoLean.GoCore.IntKind.int),
  GoLean.GoValue.int 1 (GoLean.GoCore.IntKind.int)]
censusEntries=236
442	call raftpb.Message.GetType
415	call utoa
353	call raftpb.Entry.GetIndex
320	call raftpb.HardState.GetTerm
272	site:deferCall
185	call raft.unstable.maybeLastIndex
181	call raftpb.Message.GetTerm
161	call raft.raftLog.lastIndex
158	call raftpb.HardState.GetVote
144	call raft.isHardStateEqual
144	call raftpb.HardState.GetCommit
140	site:callValue
131	call raft.MemoryStorage.lastIndex
129	call raftpb.Message.GetFrom
126	call itoa
122	call raft.Storage.LastIndex
106	call raftpb.Message.GetTo
96	call raft.IsEmptyHardState
96	call raft.raft.hardState
88	call raftpb.plainpbSizeVarint
87	call stateChar
78	call raft.raft.softState
75	call raft.SoftState.equal
75	call raft.MemoryStorage.firstIndex
75	call raftpb.Entry.GetTerm
68	call main.twin.say
66	call raft.Storage.FirstIndex
66	call raft.unstable.maybeTerm
65	call raftpb.Message.GetEntries
63	call raft.unstable.maybeFirstIndex
63	call raft.raftLog.firstIndex
62	call raft.RawNode.applyUnstableEntries
62	call raft.raftLog.maxAppliableIndex
60	call raftpb.Message.GetIndex
60	call raft.raftLog.hasNextUnstableSnapshot
60	call raft.unstable.nextSnapshot
59	call raftpb.Snapshot.GetMetadata
57	call raft.raftLog.term
56	call raft.isMsgInArray
55	call raft.raftLog.hasNextOrInProgressSnapshot
53	call raft.unstable.nextEntries
53	call raftpb.MessageType.Enum
53	call raft.RawNode.HasReady
53	call raftpb.SnapshotMetadata.GetIndex
53	call raft.raft.Step
53	call raft.raftLog.nextUnstableEnts
53	call raft.traceReceiveMessage
45	call confchange.outgoing
44	call raft.IsEmptySnap
42	call raft.Storage.Term
36	call confchange.incoming
36	valcall tracker.Config.Clone$lit0
33	call raftpb.Entry.SizeMessage
33	call raftpb.Entry.GetData
33	call proto.Size
32	call raft.traceSendMessage
32	call raft.raft.send
31	call raft.raftLog.hasNextUnstableEnts
31	call raft.raftLog.hasNextOrInProgressUnstableEnts
31	call main.twin.harvest
31	call raft.raftLog.hasNextCommittedEnts
30	call tracker.Inflights.Full
30	call tracker.NewInflights
29	call main.twin.liveCount
29	call main.twin.projection
28	call main.twin.deliverIdx
28	call raft.RawNode.Step
28	call raft.IsLocalMsg
28	call raft.IsResponseMsg
27	call quorum.AckedIndexer.AckedIndex
27	call confchange.joint
24	call raft.Logger.Infof
24	valcall raftpb.ConfState.Equivalent$lit0
24	call raft.payloadsSize
23	call raftpb.Message.GetLogTerm
22	call raft.needStorageAppendRespMsg
22	call raft.traceReady
22	call raft.MustSync
22	call quorum.JointConfig.IDs
22	call raft.RawNode.Advance
22	call raft.needStorageApplyRespMsg
22	call raft.raftLog.nextCommittedEnts
22	call raft.raftLog.acceptUnstable
22	call raft.RawNode.readyWithoutAccept
22	call raft.RawNode.Ready
22	call raft.unstable.acceptInProgress
22	call raft.needStorageApplyMsg
22	call raft.RawNode.acceptReady
21	valcall raft.raft.reset$lit0
21	call raft.raftLog.matchTerm
19	call tracker.Progress.IsPaused
19	call raft.raft.maybeSendAppend
18	call quorum.MajorityConfig.CommittedIndex
18	valcall raft.raft.bcastAppend$lit0
18	call raft.entsSize
18	call raftpb.ConfChangeSingle.GetNodeId
18	call raft.raftLog.entries
18	call confchange.checkAndReturn
18	call raft.raftLog.lastEntryID
18	call raft.payloadSize
18	call confchange.checkInvariants
18	valcall raft.stepLeader
17	call raft.IsLocalMsgTarget
17	call raftpb.Message.GetReject
15	call raft.raftLog.mustCheckOutOfBounds
15	call raft.limitSize
15	call tracker.Progress.MaybeUpdate
15	call raft.raftLog.slice
15	call raft.raftLog.commitTo
13	call tracker.ProgressTracker.Visit
13	call raftpb.Entry.GetType
13	call raft.raft.sendAppend
12	call tracker.Progress.SentEntries
12	call raft.raft.handleAppendEntries
12	call raft.raftLog.maybeAppend
12	call quorum.MajorityConfig.Slice
12	call raft.raftLog.findConflict
12	call tracker.Progress.SentCommit
12	call raft.logSliceFromMsgApp
12	valcall raft.stepFollower
12	call raftpb.Message.GetCommit
12	call raft.MemoryStorage.SetHardState
10	call raft.newReadOnly
9	call raft.raft.maybeCommit
9	valcall confchange.Restore$lit0
9	call raft.goleanShimFmtHex
9	call raft.goleanShimErrorsNew
9	call raft.unstable.shrinkEntriesArray
9	call raft.MemoryStorage.Append
9	call raft.raftLog.append
9	call raft.raftLog.maybeCommit
9	call confchange.Changer.makeVoter
9	call raft.raftLog.acceptApplying
9	call quorum.JointConfig.CommittedIndex
9	call raft.newStorageApplyRespMsg
9	call raft.unstable.truncateAndAppend
9	call tracker.Config.Clone
9	call raftpb.ConfChangeSingle.GetType
9	call confchange.Changer.checkAndCopy
9	call raft.raftLog.stableTo
9	call tracker.ProgressTracker.Committed
9	call confchange.Changer.Simple
9	call confchange.Changer.initProgress
9	call raft.unstable.stableTo
9	call raft.newStorageAppendRespMsg
9	call raft.raft.appliedTo
9	call raftpb.ConfState.CloneMessage
9	call raftpb.Message.GetSnapshot
9	call raftpb.ConfChangeType.Enum
9	call raft.raftLog.appliedTo
9	call main.twin.apply
9	call raft.raft.reduceUncommittedSize
9	call confchange.symdiff
9	call confchange.Changer.apply
9	call raft.Storage.Entries
9	call raftpb.EnsureConfState
9	call raft.newRaft$fmt0
7	call tracker.Inflights.FreeLE
7	call tracker.ProgressTracker.ResetVotes
7	call raft.raft.resetRandomizedElectionTimeout
7	call raft.raft.abortLeaderTransfer
7	call raft.raft.reset
7	call raft.lockedRand.Intn
6	call raftpb.EnsureSnapshotMetadata
6	call raft.unstable.mustCheckOutOfBounds
6	call raft.unstable.slice
6	call proto.Clone
6	call raft.pbEntryID
6	call raft.raft.bcastAppend
6	call raftpb.ConfState.GetAutoLeave
6	call u64
6	call raftpb.EnsureSnapshot
5	call raft.raft.becomeFollower
5	call raft.traceBecomeFollower
4	call tracker.Inflights.Add
4	call main.twin.complete
4	call quorum.MajorityConfig.VoteResult
3	call main.twin.step
3	call raft.Storage.InitialState
3	call confchange.Restore
3	call raft.MemoryStorage.ApplySnapshot
3	call tracker.Progress.CanBumpCommit
3	call raft.NewMemoryStorage
3	call tracker.Progress.ResetState
3	call raftpb.Snapshot.CloneMessage
3	call raft.traceReplicate
3	call raft.goleanShimStringsJoin
3	call raft.assertConfStatesEquivalent
3	call raft.traceInitState
3	call raftpb.SnapshotMetadata.GetTerm
3	call raft.Config.validate
3	call tracker.Inflights.reset
3	call tracker.Progress.BecomeReplicate
3	call raft.newLogWithSize
3	call confchange.chain
3	call raftpb.ConfState.Equivalent
3	call raft.releasePendingReadIndexMessages
3	call raftpb.Entry.CloneMessage
3	call raft.newRaft
3	call tracker.ProgressTracker.ConfState
3	call tracker.ProgressTracker.VoterNodes
3	call raft.raft.increaseUncommittedSize
3	call raftpb.SnapshotMetadata.CloneMessage
3	call raftpb.SnapshotMetadata.GetConfState
3	call raft.raft.switchToConfig
3	call raft.voteRespMsgType
3	call raft.traceConfChangeEvent
3	call confchange.toConfChangeSingle
3	call raft.raft.appendEntry
3	call tracker.MakeProgressTracker
3	call raft.NewRawNode
3	call raftpb.ConfState.EqualMessage
2	valcall raft.stepCandidate
2	call tracker.ProgressTracker.RecordVote
2	call tracker.ProgressTracker.TallyVotes
2	call raft.raft.promotable
2	call raftpb.Message.GetContext
2	call raft.raftLog.isUpToDate
2	call raft.raft.poll
2	call raft.RawNode.Propose
2	call tracker.Inflights.grow
2	call quorum.JointConfig.VoteResult
2	call raft.goleanShimBytesEqual
1	call raft.SetLogger
1	call raft.traceBecomeCandidate
1	call installLogger
1	call raft.raft.hasUnappliedConfChanges
1	call raft.RawNode.Campaign
1	call raft.raft.campaign
1	call newTwin
1	call raft.raft.becomeLeader
1	call raft.raft.becomeCandidate
1	call runTwinChoice
1	call raft.raft.hup
1	call raftpb.goleanShimErrorsNew
1	call raft.traceBecomeLeader
	Elapsed (wall clock) time (h:mm:ss or m:ss): 12:17.70
	Maximum resident set size (kbytes): 1708388
	Exit status: 0
