== checkpoint module build (TwinCheckpoints, ckpt350k; 48G cap, 2 threads) ==
Build completed successfully (16 jobs).
	Elapsed (wall clock) time (h:mm:ss or m:ss): 3:47.25
	Maximum resident set size (kbytes): 2687848
olean size: 101441552 bytes

== mid-run kernel segments from ckpt350k (heap 19,093 cells; 48G cap, timeout 3600) ==
-- seg 100 --
( GOLEAN_MEM_MAX=48G timeout 3600 ../scripts/capped lean ; )  130.99s user 2.00s system 99% cpu 2:13.02 total
rc=0
peak_kb=16064748
-- seg 250 --
( GOLEAN_MEM_MAX=48G timeout 3600 ../scripts/capped lean ; )  458.67s user 7.07s system 99% cpu 7:45.81 total
rc=0
peak_kb=39737260
-- seg 500 --
( GOLEAN_MEM_MAX=48G timeout 3600 ../scripts/capped lean ; )  676.44s user 6.97s system 98% cpu 11:32.76 total
rc=137
peak_kb=51462384

-- seg 2000 / 8000: NOT RUN (superseded: seg-500 OOM'd at the 48G cap at 11:33; any longer window OOMs at the identical prefix point — zero information; replaced by the 100/250 slope points, [AGENT]-logged) --

== compiled expected-shape checks ==
seg 500/2000/8000: ok (seg350k-expected.lean); seg 100/250: ok (seg350k-expected2.lean)
