== U3 trie microbench (trie-bench.lean; seed 36,376 entries; expected values #eval-confirmed) ==
-- 16G cap first attempt (kill points; nops=0 IS the 36,376-insert in-kernel seed build) --
nops=0    : OOM(137) ~3:51, cap 16G, peak_kb=17079468
nops=1000 : OOM(137) ~4:01, cap 16G, peak_kb=16914232
-- 48G cap --
-- nops=0 --
( GOLEAN_MEM_MAX=48G timeout 3600 ../scripts/capped lean ; )  262.54s user 2.60s system 100% cpu 4:25.13 total
rc=0
peak_kb=17671504
-- nops=1000 --
( GOLEAN_MEM_MAX=48G timeout 3600 ../scripts/capped lean ; )  275.52s user 3.14s system 100% cpu 4:38.65 total
rc=0
peak_kb=18100984
-- nops=10000 --
( GOLEAN_MEM_MAX=48G timeout 3600 ../scripts/capped lean ; )  359.03s user 4.62s system 99% cpu 6:03.65 total
rc=0
peak_kb=22070636

marginals (1000->10000, 9000 ops): (364-279)/9000 = 9.4 ms/op; (22.07-18.10)GB/9000 = 0.44 MB/op
seed build: 265 s / 36,376 inserts = 7.3 ms/insert; 17.7 GB peak
PASS targets (pre-stated, memo 6.5): <=25 ms/op AND <=2 MB/op — BOTH MET
