diff-coverage: membership sampling budget K=32 (mode: gate; alternate plain/-race, early stop at members=)
building Lean executable...
Build completed successfully (62 jobs).
native frontend: per-case type-check + emit (no batch export)
PASS	builtins/len-vs-call-order/len-nil-only-operand	pointers,structs,len,evaluation_order,calls,bools,nil,panic
PASS	builtins/len-vs-call-order/len-nil-only-both	pointers,structs,len,evaluation_order,calls,bools,nil,panic
PASS	builtins/e13-sibling-panic-order/slice-left-len-call	slices,slicing,len,calls,panic,evaluation_order,print
PASS	builtins/len-vs-call-order/make-nil-only-both	pointers,structs,make,len,evaluation_order,slices,nil,panic
PASS	builtins/len-vs-call-order/panicky-between	slices,len,evaluation_order,calls,panic,recover,indexing,interfaces,type_assertions
PASS	builtins/len-vs-call-order/make-hint-panic-free	maps,make,len,evaluation_order,panic,interfaces,type_assertions
PASS	builtins/len-vs-call-order/len-nil-only-none	pointers,structs,len,evaluation_order,calls,bools,nil
PASS	builtins/len-vs-call-order/chan	channels,len,evaluation_order,calls
PASS	builtins/e13-sibling-panic-order/assert-left-min-inline	interfaces,type_assertions,min,builtins,slices,indexing,panic,evaluation_order
PASS	builtins/len-vs-call-order/make-nil-only-none	pointers,structs,make,len,evaluation_order,slices,nil
PASS	builtins/len-vs-call-order/len-nil-left-vs-index-operand	pointers,structs,len,evaluation_order,calls,panic,indexing,slices
PASS	builtins/len-vs-call-order/lexer-idiom	pointers,structs,methods,len,evaluation_order,calls,bools,loops,slices
PASS	binop-order/operand-panic-vs-call/left-first	indexing,division,panic,evaluation_order
PASS	builtins/len-vs-call-order/make-nil-only-operand	pointers,structs,make,len,evaluation_order,slices,nil,panic
PASS	builtins/len-vs-call-order/short-circuit-skipped	channels,len,evaluation_order,calls,bools
PASS	builtins/e13-sibling-panic-order/assert-right-call	interfaces,type_assertions,calls,panic,evaluation_order,print
PASS	builtins/len-vs-call-order/recv-bearing	channels,len,evaluation_order,calls
PASS	builtins/len-vs-call-order/make-hint-map-read	maps,make,len,evaluation_order,panic,interfaces,type_assertions,indexing
PASS	builtins/len-vs-call-order/short-circuit	channels,len,evaluation_order,calls,bools
PASS	builtins/e13-sibling-panic-order/assert-middle	interfaces,type_assertions,calls,panic,evaluation_order,print,nondet	stage=membership	detail=enumerated=2 exhibited=1 draws=32 (K=32; pin members=2 NOT reached — 1 distinct drawn) unexhibited=1 (members in artifacts/coverage/membership/builtins/e13-sibling-panic-order/assert-middle)
PASS	builtins/e13-sibling-panic-order/assert-left-call	interfaces,type_assertions,calls,panic,evaluation_order,print,nondet	stage=membership	detail=enumerated=2 exhibited=1 draws=32 (K=32; pin members=2 NOT reached — 1 distinct drawn) unexhibited=1 (members in artifacts/coverage/membership/builtins/e13-sibling-panic-order/assert-left-call)
PASS	builtins/len-vs-call-order/make-chan-cap-panicky-between	channels,make,cap,evaluation_order,panic,indexing,interfaces,type_assertions,nondet	stage=membership	detail=enumerated=2 exhibited=1 draws=32 (K=32; pin members=2 NOT reached — 1 distinct drawn) unexhibited=1 (members in artifacts/coverage/membership/builtins/len-vs-call-order/make-chan-cap-panicky-between)
PASS	builtins/e13-sibling-panic-order/assert-left-copy	interfaces,type_assertions,copy,slices,slicing,indexing,panic,evaluation_order,nondet	stage=membership	detail=enumerated=2 exhibited=1 draws=32 (K=32; pin members=2 NOT reached — 1 distinct drawn) unexhibited=1 (members in artifacts/coverage/membership/builtins/e13-sibling-panic-order/assert-left-copy)
PASS	builtins/len-vs-call-order/make-index-left	maps,make,len,evaluation_order,panic,indexing,slices,nondet	stage=membership	detail=enumerated=2 exhibited=1 draws=32 (K=32; pin members=2 NOT reached — 1 distinct drawn) unexhibited=1 (members in artifacts/coverage/membership/builtins/len-vs-call-order/make-index-left)
PASS	builtins/len-vs-call-order/make-hint-array-any-key	maps,make,len,evaluation_order,panic,interfaces,type_assertions,indexing,arrays,comparability,nondet	stage=membership	detail=enumerated=2 exhibited=1 draws=32 (K=32; pin members=2 NOT reached — 1 distinct drawn) unexhibited=1 (members in artifacts/coverage/membership/builtins/len-vs-call-order/make-hint-array-any-key)
PASS	builtins/len-vs-call-order/len-struct-any-key-left-assert	maps,len,evaluation_order,calls,panic,interfaces,type_assertions,indexing,structs,comparability,nondet	stage=membership	detail=enumerated=2 exhibited=1 draws=32 (K=32; pin members=2 NOT reached — 1 distinct drawn) unexhibited=1 (members in artifacts/coverage/membership/builtins/len-vs-call-order/len-struct-any-key-left-assert)
PASS	builtins/e13-sibling-panic-order/assert-composite-lit	interfaces,type_assertions,calls,panic,evaluation_order,print,slices,literals,nondet	stage=membership	detail=enumerated=2 exhibited=1 draws=32 (K=32; pin members=2 NOT reached — 1 distinct drawn) unexhibited=1 (members in artifacts/coverage/membership/builtins/e13-sibling-panic-order/assert-composite-lit)
PASS	builtins/e13-sibling-panic-order/iface-cmp-left-call	interfaces,comparisons,comparability,calls,panic,evaluation_order,print,nondet	stage=membership	detail=enumerated=2 exhibited=1 draws=32 (K=32; pin members=2 NOT reached — 1 distinct drawn) unexhibited=1 (members in artifacts/coverage/membership/builtins/e13-sibling-panic-order/iface-cmp-left-call)
PASS	builtins/e13-sibling-panic-order/conv-left-call	conversions,slices,arrays,calls,panic,evaluation_order,print,nondet	stage=membership	detail=enumerated=2 exhibited=1 draws=32 (K=32; pin members=2 NOT reached — 1 distinct drawn) unexhibited=1 (members in artifacts/coverage/membership/builtins/e13-sibling-panic-order/conv-left-call)
PASS	builtins/e13-sibling-panic-order/deref-left-call	pointers,nil,calls,panic,evaluation_order,print,nondet	stage=membership	detail=enumerated=2 exhibited=1 draws=32 (K=32; pin members=2 NOT reached — 1 distinct drawn) unexhibited=1 (members in artifacts/coverage/membership/builtins/e13-sibling-panic-order/deref-left-call)
PASS	builtins/e13-sibling-panic-order/assert-left-method	interfaces,type_assertions,methods,calls,panic,evaluation_order,print,pointers,nondet	stage=membership	detail=enumerated=2 exhibited=1 draws=32 (K=32; pin members=2 NOT reached — 1 distinct drawn) unexhibited=1 (members in artifacts/coverage/membership/builtins/e13-sibling-panic-order/assert-left-method)
PASS	builtins/e13-sibling-panic-order/deref-left-index-arg-call	pointers,nil,slices,indexing,calls,panic,evaluation_order,print,nondet	stage=membership	detail=enumerated=2 exhibited=1 draws=32 (K=32; pin members=2 NOT reached — 1 distinct drawn) unexhibited=1 (members in artifacts/coverage/membership/builtins/e13-sibling-panic-order/deref-left-index-arg-call)
PASS	builtins/e13-sibling-panic-order/assert-left-make-slice	interfaces,type_assertions,make,slices,len,indexing,panic,evaluation_order,nondet	stage=membership	detail=enumerated=2 exhibited=1 draws=32 (K=32; pin members=2 NOT reached — 1 distinct drawn) unexhibited=1 (members in artifacts/coverage/membership/builtins/e13-sibling-panic-order/assert-left-make-slice)
PASS	builtins/e13-sibling-panic-order/index-middle	slices,indexing,calls,panic,evaluation_order,print,nondet	stage=membership	detail=enumerated=2 exhibited=1 draws=32 (K=32; pin members=2 NOT reached — 1 distinct drawn) unexhibited=1 (members in artifacts/coverage/membership/builtins/e13-sibling-panic-order/index-middle)
PASS	builtins/e13-sibling-panic-order/index-left-call	slices,indexing,calls,panic,evaluation_order,print,nondet	stage=membership	detail=enumerated=2 exhibited=1 draws=32 (K=32; pin members=2 NOT reached — 1 distinct drawn) unexhibited=1 (members in artifacts/coverage/membership/builtins/e13-sibling-panic-order/index-left-call)
PASS	builtins/e13-sibling-panic-order/two-index-left-call	slices,indexing,calls,panic,evaluation_order,print,nondet	stage=membership	detail=enumerated=3 exhibited=1 draws=32 (K=32; pin members=3 NOT reached — 1 distinct drawn) unexhibited=2 (members in artifacts/coverage/membership/builtins/e13-sibling-panic-order/two-index-left-call)
PASS	builtins/e13-sibling-panic-order/shift-left-call	shifts,ints,calls,panic,evaluation_order,print,nondet	stage=membership	detail=enumerated=2 exhibited=1 draws=32 (K=32; pin members=2 NOT reached — 1 distinct drawn) unexhibited=1 (members in artifacts/coverage/membership/builtins/e13-sibling-panic-order/shift-left-call)
PASS	builtins/e13-sibling-panic-order/assert-vs-mutating-call	interfaces,type_assertions,calls,closures,panic,evaluation_order,nondet	stage=membership	detail=enumerated=2 exhibited=1 draws=32 (K=32; pin members=2 NOT reached — 1 distinct drawn) unexhibited=1 (members in artifacts/coverage/membership/builtins/e13-sibling-panic-order/assert-vs-mutating-call)
PASS	builtins/len-vs-call-order/len-assert-vs-nil-operand	pointers,structs,len,evaluation_order,calls,panic,interfaces,type_assertions
PASS	builtins/len-vs-call-order/slice	slices,len,evaluation_order,calls,append
PASS	builtins/e13-sibling-panic-order/div-left-call	division,ints,calls,panic,evaluation_order,print,nondet	stage=membership	detail=enumerated=2 exhibited=1 draws=32 (K=32; pin members=2 NOT reached — 1 distinct drawn) unexhibited=1 (members in artifacts/coverage/membership/builtins/e13-sibling-panic-order/div-left-call)
PASS	builtins/len-vs-call-order/make-slice-panicky-between	slices,make,len,evaluation_order,panic,indexing,interfaces,type_assertions,nondet	stage=membership	detail=enumerated=2 exhibited=1 draws=32 (K=32; pin members=2 NOT reached — 1 distinct drawn) unexhibited=1 (members in artifacts/coverage/membership/builtins/len-vs-call-order/make-slice-panicky-between)
PASS	builtins/len-vs-call-order/panicky-before-call	slices,len,evaluation_order,calls,panic,recover,indexing
PASS	builtins/e13-sibling-panic-order/index-assert-left-call	slices,indexing,interfaces,type_assertions,calls,panic,evaluation_order,print,nondet	stage=membership	detail=enumerated=3 exhibited=1 draws=32 (K=32; pin members=3 NOT reached — 1 distinct drawn) unexhibited=2 (members in artifacts/coverage/membership/builtins/e13-sibling-panic-order/index-assert-left-call)
PASS	builtins/len-vs-call-order/make-nil-only-left	pointers,structs,make,len,evaluation_order,slices,nil,panic
PASS	builtins/e13-sibling-panic-order/index-composite-lit	slices,indexing,calls,panic,evaluation_order,print,literals,nondet	stage=membership	detail=enumerated=2 exhibited=1 draws=32 (K=32; pin members=2 NOT reached — 1 distinct drawn) unexhibited=1 (members in artifacts/coverage/membership/builtins/e13-sibling-panic-order/index-composite-lit)
PASS	builtins/e13-sibling-panic-order/assert-arg-sibling	interfaces,type_assertions,calls,panic,evaluation_order,print,nondet	stage=membership	detail=enumerated=2 exhibited=1 draws=32 (K=32; pin members=2 NOT reached — 1 distinct drawn) unexhibited=1 (members in artifacts/coverage/membership/builtins/e13-sibling-panic-order/assert-arg-sibling)
PASS	builtins/len-vs-call-order/make-hint-generic-int-key	maps,make,len,evaluation_order,panic,interfaces,type_assertions,indexing,generics
PASS	builtins/len-vs-call-order/hint-panicky-between	maps,make,len,evaluation_order,panic,indexing,interfaces,type_assertions,nondet	stage=membership	detail=enumerated=2 exhibited=1 draws=32 (K=32; pin members=2 NOT reached — 1 distinct drawn) unexhibited=1 (members in artifacts/coverage/membership/builtins/len-vs-call-order/hint-panicky-between)
PASS	builtins/len-vs-call-order/len-nil-only-left	pointers,structs,len,evaluation_order,calls,bools,nil,panic
PASS	builtins/e13-sibling-panic-order/index-arg-sibling	slices,indexing,calls,panic,evaluation_order,print,nondet	stage=membership	detail=enumerated=2 exhibited=1 draws=32 (K=32; pin members=2 NOT reached — 1 distinct drawn) unexhibited=1 (members in artifacts/coverage/membership/builtins/e13-sibling-panic-order/index-arg-sibling)
PASS	builtins/e13-sibling-panic-order/forced-arg-only	slices,indexing,calls,panic,evaluation_order,print
PASS	builtins/e13-sibling-panic-order/assert-left-len-slice-call	interfaces,type_assertions,len,slicing,calls,panic,evaluation_order,print,nondet	stage=membership	detail=enumerated=2 exhibited=1 draws=32 (K=32; pin members=2 NOT reached — 1 distinct drawn) unexhibited=1 (members in artifacts/coverage/membership/builtins/e13-sibling-panic-order/assert-left-len-slice-call)
PASS	builtins/len-vs-call-order/make-inner-len	slices,make,len,evaluation_order,panic,indexing,interfaces,type_assertions,nondet	stage=membership	detail=enumerated=2 exhibited=1 draws=32 (K=32; pin members=2 NOT reached — 1 distinct drawn) unexhibited=1 (members in artifacts/coverage/membership/builtins/len-vs-call-order/make-inner-len)
PASS	builtins/len-vs-call-order/make-hint-call	maps,make,len,evaluation_order,panic,calls,indexing,slices,nondet	stage=membership	detail=enumerated=2 exhibited=1 draws=32 (K=32; pin members=2 NOT reached — 1 distinct drawn) unexhibited=1 (members in artifacts/coverage/membership/builtins/len-vs-call-order/make-hint-call)
PASS	builtins/e13-sibling-panic-order/send-chan-index	channels,slices,indexing,calls,panic,evaluation_order,print,nondet	stage=membership	detail=enumerated=2 exhibited=1 draws=32 (K=32; pin members=2 NOT reached — 1 distinct drawn) unexhibited=1 (members in artifacts/coverage/membership/builtins/e13-sibling-panic-order/send-chan-index)
PASS	binop-order/operand-panic-vs-call/call-before-left	indexing,calls,closures,evaluation_order,nondet	stage=membership	detail=enumerated=2 exhibited=1 draws=32 (K=32; pin members=2 NOT reached — 1 distinct drawn) unexhibited=1 (members in artifacts/coverage/membership/binop-order/operand-panic-vs-call/call-before-left)
PASS	binop-order/operand-panic-vs-call/call-before-left-div	indexing,calls,closures,division,evaluation_order,nondet	stage=membership	detail=enumerated=2 exhibited=1 draws=32 (K=32; pin members=2 NOT reached — 1 distinct drawn) unexhibited=1 (members in artifacts/coverage/membership/binop-order/operand-panic-vs-call/call-before-left-div)
PASS	builtins/e13-sibling-panic-order/index-left-call-arg-panics	slices,indexing,calls,panic,evaluation_order,print,nondet	stage=membership	detail=enumerated=2 exhibited=1 draws=32 (K=32; pin members=2 NOT reached — 1 distinct drawn) unexhibited=1 (members in artifacts/coverage/membership/builtins/e13-sibling-panic-order/index-left-call-arg-panics)
PASS	builtins/e13-sibling-panic-order/assert-left-append	interfaces,type_assertions,append,slices,len,indexing,calls,panic,evaluation_order,nondet	stage=membership	detail=enumerated=2 exhibited=1 draws=32 (K=32; pin members=2 NOT reached — 1 distinct drawn) unexhibited=1 (members in artifacts/coverage/membership/builtins/e13-sibling-panic-order/assert-left-append)
PASS	builtins/e13-sibling-panic-order/assert-left-new-call	interfaces,type_assertions,new,pointers,calls,panic,evaluation_order,print,nondet	stage=membership	detail=enumerated=2 exhibited=1 draws=32 (K=32; pin members=2 NOT reached — 1 distinct drawn) unexhibited=1 (members in artifacts/coverage/membership/builtins/e13-sibling-panic-order/assert-left-new-call)
PASS	builtins/len-vs-call-order/make-hint-struct-any-key	maps,make,len,evaluation_order,panic,interfaces,type_assertions,indexing,structs,comparability,nondet	stage=membership	detail=enumerated=2 exhibited=1 draws=32 (K=32; pin members=2 NOT reached — 1 distinct drawn) unexhibited=1 (members in artifacts/coverage/membership/builtins/len-vs-call-order/make-hint-struct-any-key)
PASS	builtins/len-vs-call-order/make-hint-generic-any-key	maps,make,len,evaluation_order,panic,interfaces,type_assertions,indexing,generics,comparability,nondet	stage=membership	detail=enumerated=2 exhibited=1 draws=32 (K=32; pin members=2 NOT reached — 1 distinct drawn) unexhibited=1 (members in artifacts/coverage/membership/builtins/len-vs-call-order/make-hint-generic-any-key)
PASS	builtins/e13-sibling-panic-order/assert-return-list	interfaces,type_assertions,calls,panic,evaluation_order,print,closures,multi_result,nondet	stage=membership	detail=enumerated=2 exhibited=1 draws=32 (K=32; pin members=2 NOT reached — 1 distinct drawn) unexhibited=1 (members in artifacts/coverage/membership/builtins/e13-sibling-panic-order/assert-return-list)
PASS	builtins/e13-sibling-panic-order/assert-left-recv-w	interfaces,type_assertions,channels,recover,defer,evaluation_order,nondet	stage=membership	detail=enumerated=2 exhibited=1 draws=32 (K=32; pin members=2 NOT reached — 1 distinct drawn) unexhibited=1 (members in artifacts/coverage/membership/builtins/e13-sibling-panic-order/assert-left-recv-w)

differential coverage summary: cases=65 pass=65 fail=0 export_status=0
results: artifacts/coverage/latest.tsv
metadata: artifacts/coverage/latest.meta.tsv
