[1m══ scripts/ci summary ══[0m
  note build parallelism: cap 64G -> LEAN_NUM_THREADS=8 (cap/8G, floor 2; 32 cores on this box)
  ok   oracle toolchain (go1.26.5 = pin)
  ok   escape-hatch preflight
  ok   meta-layer escape hatches (allowlist empty since the repo split)
  ok   escape-hatch addendum (no decide +native / native-config spellings)
  ok   bug-index cross-check
  ok   feature-coverage (no dead tags)
  ok   spec-anchor citations resolve at the pin
  ok   lane-validation fixtures (manifest gates reject bad shapes)
  ok   imported-goose verbatim (above-marker bytes = pinned upstream)
  ok   engine-isolation (core ↛ EnumDedup)
  ok   core build (warning-free)
  ok   frontend pins (realized init-order deviation + twin wire = pinned bytes)
  ok   import-goose fixtures (importer + verbatim guard reject bad shapes)
  ok   frontend unit tests
  ok   eval tests (148 ok)
  ok   differential run completed (exit 1; failing-set judged by baseline diff)
  ok   lane-validation fixtures incl. harness half (F4/F6/B3-B5/G5/T1-T8)
  ok   negative run completed (exit 0; set judged by baseline diff)
  ok   Tests/FloatVectors.lean = fresh hardware-oracle regeneration (byte-exact)
  ok   inittask-std.tsv = fresh gc-derived regeneration (header at pin; byte-exact modulo date line)
  note negative baseline diff matched (394 case(s)) but the record was made on a DIRTY tree (git_dirty=true) — certifies that worktree state, not a commit
  note baseline diff FULL (3195/3195, no regression) but recorded on a DIRTY tree (git_dirty=true) — certifies that worktree state, not a commit
  note reconciler: 3 finding(s), 0 HIGH — report-only (details: tools/reconcile-records)

[1mRESULT: PASS[0m
CI_EXIT=0 wall=477s
end: 2026-09-03T19:49:39+00:00 load:  19:49:39 up 11 days,  5:20,  ? user,  load average: 73.56, 44.48, 27.15
start: 2026-09-03T19:41:42+00:00 load:  19:41:42 up 11 days,  5:12,  ? user,  load average: 5.57, 13.20, 12.76
end: 2026-09-03T19:49:39+00:00 load:  19:49:39 up 11 days,  5:20,  ? user,  load average: 73.56, 44.48, 27.15
