✔ [16/62] Built GoLean.GoCore.Ops (6.2s)
✔ [17/62] Built GoLean.GoCore.Ops:c.o (2.0s)
✔ [18/62] Built GoLean.GoCore.Machine (4.0s)
✔ [20/62] Built GoLean.GoCore.StateWf (17s)
✔ [21/62] Built GoLean.GoCore.StepFn (804ms)
✔ [23/62] Built GoLean.GoCore.Race (797ms)
✔ [25/62] Built GoLean.GoCore.Multi (2.6s)
✔ [27/62] Built GoLean.GoCore.StateEqb (1.3s)
✔ [28/62] Built GoLean.GoCore.EnumSpec (203ms)
✔ [31/62] Built GoLean.GoCore.SyntaxEqb (8.2s)
✔ [33/62] Built GoLean.GoCore.StateWf:c.o (23s)
✔ [34/62] Built GoLean.GoCore.MachineSound (62s)
✔ [36/62] Built GoLean.GoCore.NPDRF (327ms)
✔ [38/62] Built GoLean.GoCore.MultiSound (5.8s)
✔ [40/62] Built GoLean.GoCore.MultiWfSound (1.9s)
✔ [42/62] Built GoLean.GoCore.MultiStreams (1.0s)
✔ [44/62] Built GoLean.GoCore.EnumDedupCheck (263ms)
✔ [46/62] Built GoLean.GoCore.MachineEqb (4.7s)
✔ [48/62] Built GoLean.EnumDedup (467ms)
✔ [50/62] Built GoLean.GoCore.EnumDedupSound (601ms)
✔ [52/62] Built GoLean.GoCore (172ms)
✔ [54/62] Built GoLean.CLI (1.1s)
✔ [56/62] Built GoLean.ChoiceTrace (993ms)
✔ [58/62] Built GoLean (212ms)
✔ [60/62] Built Main (192ms)
✔ [62/62] Built golean:exe (508ms)
Build completed successfully (62 jobs).
