# Round-10 merge train, 2026-09-04 ([AGENT], under the [USER] merge sign-off «go ahead and merge these»): scripts/capped scripts/ci --diff
# at the rebased slow-recert CLEAN tip 803b190e (= main 415f959a + the 2 lane commits + the landing note). PID 3904299. Last 60 lines:
  ok: harness re-validation refuses depth=0 (D6)
  ok: fan-out that ran no worker exits 2 without publishing (G5)
  ok: G5 named both causes (global fan-out refusal + empty-row guard), no stray .out
  ok: T1-strict-lean-run: cause named at stage lean-observation (Lean run TIMED OUT after 1s)
      row: FAIL	lane-t1	control_flow,loops,evaluation_order,calls	lean-observation	Lean run TIMED OUT after 1s (LEAN_TIMEOUT_SECONDS) — no observation produced (expected status ok); captured output: run_with_timeout: TIMED OUT after 1s — killing: /home/dev/projects/golean/.tmp/golean-lane-validation.bvJoCp/fakeroot/.lake/build/bin/golean native-json-run --input /home/dev/projects/golean/.tmp/golean-lane-validation.bvJoCp/artifacts-T1-strict-lean-run/native/lane-t1/wire.json --function forConditionEval
  ok: T2-nondet-rerun: cause named at stage nondet (re-run under stream [9,8,7,6,5,4,3,2,1,0] TIMED OUT after 1s)
      row: FAIL	lane-t1	control_flow,loops,evaluation_order,calls	nondet	oracle-invariance re-run under stream [9,8,7,6,5,4,3,2,1,0] TIMED OUT after 1s (LEAN_TIMEOUT_SECONDS) — invariance NOT certified (a killed run is not an observed variance); captured output: run_with_timeout: TIMED OUT after 1s — killing: /home/dev/projects/golean/.tmp/golean-lane-validation.bvJoCp/fakeroot/.lake/build/bin/golean native-json-run --input /home/dev/projects/golean/.tmp/golean-lane-validation.bvJoCp/artifacts-T2-nondet-rerun/native/lane-t1/wire.json --function forConditionEval --choices 9,8,7,6,5,4,3,2,1,0
  ok: T3-coupling-pin: cause named at stage membership (driver-coupling pin: native-json-run under stream [9,8,7,6,5,4,3,2,1,0] TIMED OUT after 1s)
      row: FAIL	lane-t3	maps,range,keys,loops,nondet	membership	driver-coupling pin: native-json-run under stream [9,8,7,6,5,4,3,2,1,0] TIMED OUT after 1s (LEAN_TIMEOUT_SECONDS) — coupling NOT certified (a killed run is not copied-driver drift); captured output: run_with_timeout: TIMED OUT after 1s — killing: /home/dev/projects/golean/.tmp/golean-lane-validation.bvJoCp/fakeroot/.lake/build/bin/golean native-json-run --input /home/dev/projects/golean/.tmp/golean-lane-validation.bvJoCp/artifacts-T3-coupling-pin/native/lane-t3/wire.json --function rangeFirstKey --choices 9,8,7,6,5,4,3,2,1,0
  ok: T4-sample-loop: cause named at stage membership (observation-eq TIMED OUT after 1s (LEAN_TIMEOUT_SECONDS) comparing a Go sample against member #1)
  ok: T5-comparator-undecodable: cause named at stage go-observation (Go output is not a valid observation (comparator said: left.status: unknown observation status)
  ok: T6-lean-run-sigkill: cause named at stage lean-observation (Lean run KILLED (exit 137)
  ok: T7-differential-sigterm: cause named at stage differential (observation-eq KILLED (exit 143)
  ok: T8-go-oracle-sigkill: cause named at stage go-run (go run oracle KILLED (exit 137)
  test-lane-validation: ok

── re-run negative corpus (--diff)
results: artifacts/coverage/negative-latest.tsv
meta: artifacts/coverage/negative-latest.meta.tsv

── derived oracle artifacts re-derived (Tests/FloatVectors.lean + tools/nativefrontend/inittask-std.tsv)

── negative baseline diff
no regression: 394 case(s) run in negative-latest.tsv match baselines/negative-full.tsv

── differential baseline diff (scripts/coverage-baseline-diff)
no regression: 3350 case(s) run in latest.tsv match baselines/native-full.tsv

── cross-ledger reconciliation (tools/reconcile-records — REPORT-ONLY, informs, never fails the gate)
  [01] C13  MEDIUM  78 doc site(s) across 9 file(s) name a patch-level Go version other than the pin (go1.25.13/go1.26.5 per docs/spec-sources.md). Some are legitimately historical; a toolchain/oracle claim off the pin is not, because the pin's whole job is that the spec text and the thing that produced the numbers moved together.
  [02] C5  MEDIUM  2 frontier-table case citation(s) do not resolve against the baseline

══ scripts/ci summary ══
  note build parallelism: cap 64G -> LEAN_NUM_THREADS=8 (cap/8G, floor 2; 32 cores on this box)
  ok   oracle toolchain (go1.26.5 = pin)
  ok   escape-hatch preflight
  ok   meta-layer escape hatches (allowlist empty since the repo split)
  ok   escape-hatch addendum (no decide +native / native-config spellings)
  ok   bug-index cross-check
  ok   feature-coverage (no dead tags)
  ok   spec-anchor citations resolve at the pin
  ok   stdlib admission register = frontend tables
  ok   lane-validation fixtures (manifest gates reject bad shapes)
  ok   imported-goose verbatim (above-marker bytes = pinned upstream)
  ok   engine-isolation (core ↛ EnumDedup)
  ok   core build (warning-free)
  ok   frontend pins (realized init-order deviation + twin wire = pinned bytes)
  ok   import-goose fixtures (importer + verbatim guard reject bad shapes)
  ok   frontend unit tests
  ok   eval tests (148 ok)
  ok   differential run completed (exit 1; failing-set judged by baseline diff)
  ok   lane-validation fixtures incl. harness half (F4/F6/B3-B5/G5/T1-T8/D1-D6)
  ok   negative run completed (exit 0; set judged by baseline diff)
  ok   Tests/FloatVectors.lean = fresh hardware-oracle regeneration (byte-exact)
  ok   inittask-std.tsv = fresh gc-derived regeneration (header at pin; byte-exact modulo date line)
  ok   negative baseline diff (no regression)
  ok   baseline diff FULL (3350/3350, no regression)
  note reconciler: 2 finding(s), 0 HIGH — report-only (details: tools/reconcile-records)

RESULT: PASS
