# (a) reachability probes — main da7bb837… / candidate ab355547… / gc go1.26.5 (harness .tmp/probe.sh; sources in probes-src.md)
[a_ptr_reassign/probe] lower EXIT=0
  main EXIT=0: {"output":"","schema":"golean-observation-v1","status":"ok","values":[{"kind":"int","tag":"int","value":100007}]} 
  cand EXIT=0: {"output":"","schema":"golean-observation-v1","status":"ok","values":[{"kind":"int","tag":"int","value":100007}]} 
  gc EXIT=0: 100007 
[a_append_spill_oldptr/probe] lower EXIT=0
  main EXIT=0: {"output":"","schema":"golean-observation-v1","status":"ok","values":[{"kind":"int","tag":"int","value":31}]} 
  cand EXIT=0: {"output":"","schema":"golean-observation-v1","status":"ok","values":[{"kind":"int","tag":"int","value":31}]} 
  gc EXIT=0: 31 
[a_reslice_shorter/probe] lower EXIT=0
  main EXIT=0: {"output":"","schema":"golean-observation-v1","status":"ok","values":[{"kind":"int","tag":"int","value":72}]} 
  cand EXIT=0: {"output":"","schema":"golean-observation-v1","status":"ok","values":[{"kind":"int","tag":"int","value":72}]} 
  gc EXIT=0: 72 
[a_arrptr_redirect/probe] lower EXIT=0
  main EXIT=0: {"output":"","schema":"golean-observation-v1","status":"ok","values":[{"kind":"int","tag":"int","value":990}]} 
  cand EXIT=0: {"output":"","schema":"golean-observation-v1","status":"ok","values":[{"kind":"int","tag":"int","value":990}]} 
  gc EXIT=0: 990 
[a_copy_shorter/probe] lower EXIT=0
  main EXIT=0: {"output":"","schema":"golean-observation-v1","status":"ok","values":[{"kind":"int","tag":"int","value":212}]} 
  cand EXIT=0: {"output":"","schema":"golean-observation-v1","status":"ok","values":[{"kind":"int","tag":"int","value":212}]} 
  gc EXIT=0: 212 
[a_unseq_realloc/probe] lower EXIT=0
  main EXIT=0: {"output":"","schema":"golean-observation-v1","status":"ok","values":[{"kind":"int","tag":"int","value":14}]} 
  cand EXIT=0: {"output":"","schema":"golean-observation-v1","status":"ok","values":[{"kind":"int","tag":"int","value":14}]} 
  gc EXIT=0: 14 
[a_defer_elemptr/probe] lower EXIT=0
  main EXIT=0: {"output":"","schema":"golean-observation-v1","status":"ok","values":[{"kind":"int","tag":"int","value":51}]} 
  cand EXIT=0: {"output":"","schema":"golean-observation-v1","status":"ok","values":[{"kind":"int","tag":"int","value":51}]} 
  gc EXIT=0: 51 
[a_closure_elem_spill/probe] lower EXIT=0
  main EXIT=0: {"output":"","schema":"golean-observation-v1","status":"ok","values":[{"kind":"int","tag":"int","value":43}]} 
  cand EXIT=0: {"output":"","schema":"golean-observation-v1","status":"ok","values":[{"kind":"int","tag":"int","value":43}]} 
  gc EXIT=0: 43 
[a_slice_to_arrptr/probe] lower EXIT=0
  main EXIT=1: {"message":"slice-to-array-pointer conversion (aliasing view over slice storage; triage L2b frontier)","output":"","schema":"golean-observation-v1","status":"unsupported"} 
  cand EXIT=1: {"message":"slice-to-array-pointer conversion (aliasing view over slice storage; triage L2b frontier)","output":"","schema":"golean-observation-v1","status":"unsupported"} 
  gc EXIT=0: 9 
[a_slice_to_arr_short/probe] lower EXIT=0
  main EXIT=1: {"message":"runtime error: cannot convert slice with length 1 to array or pointer to array with length 2","output":"","schema":"golean-observation-v1","status":"panic"} 
  cand EXIT=1: {"message":"runtime error: cannot convert slice with length 1 to array or pointer to array with length 2","output":"","schema":"golean-observation-v1","status":"panic"} 
  gc EXIT=0: panic: runtime error: cannot convert slice with length 1 to array or pointer to array with length 2 
[a_struct_arr_replace/probe] lower EXIT=0
  main EXIT=0: {"output":"","schema":"golean-observation-v1","status":"ok","values":[{"kind":"int","tag":"int","value":81}]} 
  cand EXIT=0: {"output":"","schema":"golean-observation-v1","status":"ok","values":[{"kind":"int","tag":"int","value":81}]} 
  gc EXIT=0: 81 
[a_nested_inner_replace/probe] lower EXIT=0
  main EXIT=0: {"output":"","schema":"golean-observation-v1","status":"ok","values":[{"kind":"int","tag":"int","value":1}]} 
  cand EXIT=0: {"output":"","schema":"golean-observation-v1","status":"ok","values":[{"kind":"int","tag":"int","value":1}]} 
  gc EXIT=0: 1 
[a_oob_store_target/probe] lower EXIT=0
  main EXIT=1: {"message":"runtime error: index out of range [3] with length 3","output":"","schema":"golean-observation-v1","status":"panic"} 
  cand EXIT=1: {"message":"runtime error: index out of range [3] with length 3","output":"","schema":"golean-observation-v1","status":"panic"} 
  gc EXIT=0: panic: runtime error: index out of range [3] with length 3 
[a_three_index_inplace/probe] lower EXIT=0
  main EXIT=0: {"output":"","schema":"golean-observation-v1","status":"ok","values":[{"kind":"int","tag":"int","value":54}]} 
  cand EXIT=0: {"output":"","schema":"golean-observation-v1","status":"ok","values":[{"kind":"int","tag":"int","value":54}]} 
  gc EXIT=0: 54 
[a_clear_then_write/probe] lower EXIT=0
  main EXIT=0: {"output":"","schema":"golean-observation-v1","status":"ok","values":[{"kind":"int","tag":"int","value":4}]} 
  cand EXIT=0: {"output":"","schema":"golean-observation-v1","status":"ok","values":[{"kind":"int","tag":"int","value":4}]} 
  gc EXIT=0: 4 
